{"timestamp":"2026-01-03T14:34:29.525Z","type":"ANALYSIS","request_id":"req_1767450869520_85hgjqh7o","agent_id":"demo-agent-001","source_type":"test","risk_level":"medium","threat_count":1,"original_length":63,"sanitized_length":85,"processing_time_ms":5}
{"timestamp":"2026-01-03T14:34:30.555Z","type":"ANALYSIS","request_id":"req_1767450870553_0pru9l4wx","agent_id":"demo-agent-001","source_type":"test","risk_level":"critical","threat_count":4,"original_length":100,"sanitized_length":179,"processing_time_ms":2}
{"timestamp":"2026-01-03T14:34:31.577Z","type":"ANALYSIS","request_id":"req_1767450871577_bcexhxtb4","agent_id":"demo-agent-001","source_type":"test","risk_level":"high","threat_count":2,"original_length":122,"sanitized_length":155,"processing_time_ms":0}
{"timestamp":"2026-01-03T14:34:32.626Z","type":"ANALYSIS","request_id":"req_1767450872626_36v5y1bem","agent_id":"demo-agent-001","source_type":"test","risk_level":"low","threat_count":1,"original_length":91,"sanitized_length":106,"processing_time_ms":0}
{"timestamp":"2026-01-03T14:34:33.649Z","type":"ANALYSIS","request_id":"req_1767450873649_lw5eul617","agent_id":"demo-agent-001","source_type":"test","risk_level":"critical","threat_count":4,"original_length":119,"sanitized_length":189,"processing_time_ms":0}
{"timestamp":"2026-01-03T15:13:05.279Z","type":"ANALYSIS","request_id":"req_1767453185274_mmwjheszw","agent_id":"demo-agent-001","source_type":"test","risk_level":"medium","threat_count":1,"original_length":63,"sanitized_length":85,"processing_time_ms":5}
{"timestamp":"2026-01-03T15:13:06.302Z","type":"ANALYSIS","request_id":"req_1767453186299_fwi9ltyfi","agent_id":"demo-agent-001","source_type":"test","risk_level":"critical","threat_count":4,"original_length":100,"sanitized_length":179,"processing_time_ms":3}
{"timestamp":"2026-01-03T15:13:07.318Z","type":"ANALYSIS","request_id":"req_1767453187318_kjxv5zy41","agent_id":"demo-agent-001","source_type":"test","risk_level":"high","threat_count":2,"original_length":122,"sanitized_length":155,"processing_time_ms":0}
{"timestamp":"2026-01-03T15:13:08.352Z","type":"ANALYSIS","request_id":"req_1767453188351_o4koaurt7","agent_id":"demo-agent-001","source_type":"test","risk_level":"low","threat_count":1,"original_length":91,"sanitized_length":106,"processing_time_ms":1}
{"timestamp":"2026-01-03T15:13:09.379Z","type":"ANALYSIS","request_id":"req_1767453189378_a8jmay1x0","agent_id":"demo-agent-001","source_type":"test","risk_level":"critical","threat_count":4,"original_length":119,"sanitized_length":189,"processing_time_ms":0}
{"timestamp":"2026-01-03T15:13:10.409Z","type":"ANALYSIS","request_id":"req_1767453190408_7ls3xuaa7","agent_id":"demo-agent-001","source_type":"test","risk_level":"clean","threat_count":0,"original_length":44,"sanitized_length":44,"processing_time_ms":1}
{"timestamp":"2026-01-03T15:13:11.419Z","type":"ANALYSIS","request_id":"req_1767453191419_9aulyxmg2","agent_id":"demo-agent-001","source_type":"test","risk_level":"clean","threat_count":0,"original_length":41,"sanitized_length":41,"processing_time_ms":0}
{"timestamp":"2026-01-03T15:13:12.447Z","type":"ANALYSIS","request_id":"req_1767453192446_lgmvm7a4f","agent_id":"demo-agent-001","source_type":"test","risk_level":"clean","threat_count":0,"original_length":64,"sanitized_length":64,"processing_time_ms":0}
{"timestamp":"2026-01-03T18:19:11.451Z","type":"ANALYSIS","request_id":"req_1767464351434_q3m52luwl","agent_id":"demo-agent-001","source_type":"test","risk_level":"medium","threat_count":1,"original_length":63,"sanitized_length":85,"processing_time_ms":17}
{"timestamp":"2026-01-03T18:19:12.521Z","type":"ANALYSIS","request_id":"req_1767464352505_amwf90op8","agent_id":"demo-agent-001","source_type":"test","risk_level":"critical","threat_count":4,"original_length":100,"sanitized_length":179,"processing_time_ms":16}
{"timestamp":"2026-01-03T18:19:13.551Z","type":"ANALYSIS","request_id":"req_1767464353550_airuhe1z6","agent_id":"demo-agent-001","source_type":"test","risk_level":"high","threat_count":2,"original_length":122,"sanitized_length":155,"processing_time_ms":0}
{"timestamp":"2026-01-03T18:19:14.586Z","type":"ANALYSIS","request_id":"req_1767464354586_ncncn71uy","agent_id":"demo-agent-001","source_type":"test","risk_level":"low","threat_count":1,"original_length":91,"sanitized_length":106,"processing_time_ms":0}
{"timestamp":"2026-01-03T18:19:15.625Z","type":"ANALYSIS","request_id":"req_1767464355624_pyin26742","agent_id":"demo-agent-001","source_type":"test","risk_level":"critical","threat_count":4,"original_length":119,"sanitized_length":189,"processing_time_ms":1}
{"timestamp":"2026-01-03T18:19:16.657Z","type":"ANALYSIS","request_id":"req_1767464356657_q0u8pg7tj","agent_id":"demo-agent-001","source_type":"test","risk_level":"clean","threat_count":0,"original_length":44,"sanitized_length":44,"processing_time_ms":0}
{"timestamp":"2026-01-03T18:19:17.685Z","type":"ANALYSIS","request_id":"req_1767464357685_qeba49m6f","agent_id":"demo-agent-001","source_type":"test","risk_level":"clean","threat_count":0,"original_length":41,"sanitized_length":41,"processing_time_ms":0}
{"timestamp":"2026-01-03T18:19:18.723Z","type":"ANALYSIS","request_id":"req_1767464358723_zj0zqdukc","agent_id":"demo-agent-001","source_type":"test","risk_level":"clean","threat_count":0,"original_length":64,"sanitized_length":64,"processing_time_ms":0}
{"timestamp":"2026-01-04T17:33:26.995Z","type":"ANALYSIS","request_id":"req_1767548006991_ayazcdwf5","agent_id":"demo-agent-001","source_type":"test","risk_level":"medium","threat_count":1,"original_length":63,"sanitized_length":85,"processing_time_ms":4}
{"timestamp":"2026-01-04T17:33:28.009Z","type":"ANALYSIS","request_id":"req_1767548008007_q9fcmy0rx","agent_id":"demo-agent-001","source_type":"test","risk_level":"critical","threat_count":4,"original_length":100,"sanitized_length":179,"processing_time_ms":2}
{"timestamp":"2026-01-04T17:33:29.028Z","type":"ANALYSIS","request_id":"req_1767548009028_q7cpru8do","agent_id":"demo-agent-001","source_type":"test","risk_level":"high","threat_count":2,"original_length":122,"sanitized_length":155,"processing_time_ms":0}
{"timestamp":"2026-01-04T17:33:30.041Z","type":"ANALYSIS","request_id":"req_1767548010040_1860slcp0","agent_id":"demo-agent-001","source_type":"test","risk_level":"low","threat_count":1,"original_length":91,"sanitized_length":106,"processing_time_ms":1}
{"timestamp":"2026-01-04T17:33:31.065Z","type":"ANALYSIS","request_id":"req_1767548011064_jj7ao4bh7","agent_id":"demo-agent-001","source_type":"test","risk_level":"critical","threat_count":4,"original_length":119,"sanitized_length":189,"processing_time_ms":1}
{"timestamp":"2026-01-04T17:33:32.084Z","type":"ANALYSIS","request_id":"req_1767548012084_7faq87fhq","agent_id":"demo-agent-001","source_type":"test","risk_level":"clean","threat_count":0,"original_length":44,"sanitized_length":44,"processing_time_ms":0}
{"timestamp":"2026-01-04T17:33:33.105Z","type":"ANALYSIS","request_id":"req_1767548013105_r2ch4hcfy","agent_id":"demo-agent-001","source_type":"test","risk_level":"clean","threat_count":0,"original_length":41,"sanitized_length":41,"processing_time_ms":0}
{"timestamp":"2026-01-04T17:33:34.119Z","type":"ANALYSIS","request_id":"req_1767548014119_j63iijlkq","agent_id":"demo-agent-001","source_type":"test","risk_level":"clean","threat_count":0,"original_length":64,"sanitized_length":64,"processing_time_ms":0}
{"timestamp":"2026-01-04T17:40:02.827Z","type":"ANALYSIS","request_id":"req_1767548402824_vi7swk0gg","agent_id":"demo-agent-001","source_type":"test","risk_level":"medium","threat_count":1,"original_length":63,"sanitized_length":85,"processing_time_ms":3}
{"timestamp":"2026-01-04T17:40:03.849Z","type":"ANALYSIS","request_id":"req_1767548403845_ao0mpab7r","agent_id":"demo-agent-001","source_type":"test","risk_level":"critical","threat_count":4,"original_length":100,"sanitized_length":179,"processing_time_ms":4}
{"timestamp":"2026-01-04T17:40:04.873Z","type":"ANALYSIS","request_id":"req_1767548404873_76kwkwuq3","agent_id":"demo-agent-001","source_type":"test","risk_level":"high","threat_count":2,"original_length":122,"sanitized_length":155,"processing_time_ms":0}
{"timestamp":"2026-01-04T17:40:05.897Z","type":"ANALYSIS","request_id":"req_1767548405896_2v2m4mile","agent_id":"demo-agent-001","source_type":"test","risk_level":"low","threat_count":1,"original_length":91,"sanitized_length":106,"processing_time_ms":1}
{"timestamp":"2026-01-04T17:40:06.916Z","type":"ANALYSIS","request_id":"req_1767548406916_cux2ztlio","agent_id":"demo-agent-001","source_type":"test","risk_level":"critical","threat_count":4,"original_length":119,"sanitized_length":189,"processing_time_ms":0}
{"timestamp":"2026-01-04T17:40:07.939Z","type":"ANALYSIS","request_id":"req_1767548407938_5wc0jhbaq","agent_id":"demo-agent-001","source_type":"test","risk_level":"clean","threat_count":0,"original_length":44,"sanitized_length":44,"processing_time_ms":1}
{"timestamp":"2026-01-04T17:40:08.963Z","type":"ANALYSIS","request_id":"req_1767548408963_29qbxe7se","agent_id":"demo-agent-001","source_type":"test","risk_level":"clean","threat_count":0,"original_length":41,"sanitized_length":41,"processing_time_ms":0}
{"timestamp":"2026-01-04T17:40:09.979Z","type":"ANALYSIS","request_id":"req_1767548409979_py5seq7m4","agent_id":"demo-agent-001","source_type":"test","risk_level":"clean","threat_count":0,"original_length":64,"sanitized_length":64,"processing_time_ms":0}
{"timestamp":"2026-01-04T18:25:30.382Z","type":"ANALYSIS","request_id":"req_1767551130381_ps8zpcz7j","agent_id":"demo-agent-001","source_type":"interactive","risk_level":"clean","threat_count":0,"original_length":53,"sanitized_length":53,"processing_time_ms":1}
{"timestamp":"2026-01-04T18:49:00.302Z","type":"ANALYSIS","request_id":"req_1767552540291_lt5qrtf7v","agent_id":"demo-agent-001","source_type":"interactive","risk_level":"clean","threat_count":0,"original_length":79,"sanitized_length":79,"processing_time_ms":10}
{"timestamp":"2026-01-04T18:51:53.438Z","type":"ANALYSIS","request_id":"req_1767552713433_e2cokqxk2","agent_id":"demo-agent-001","source_type":"interactive","risk_level":"clean","threat_count":0,"original_length":101,"sanitized_length":101,"processing_time_ms":5}
{"timestamp":"2026-01-04T19:12:10.532Z","type":"ANALYSIS","request_id":"req_1767553930532_gvr89vqdl","agent_id":"demo-agent-001","source_type":"interactive","risk_level":"clean","threat_count":0,"original_length":28,"sanitized_length":28,"processing_time_ms":0}
{"timestamp":"2026-01-04T19:12:12.949Z","type":"ANALYSIS","request_id":"req_1767553932949_qw0zbldkw","agent_id":"demo-agent-001","source_type":"interactive","risk_level":"clean","threat_count":0,"original_length":30,"sanitized_length":30,"processing_time_ms":0}
{"timestamp":"2026-01-04T19:13:20.688Z","type":"ANALYSIS","request_id":"req_1767554000687_n9qzvging","agent_id":"demo-agent-001","source_type":"interactive","risk_level":"clean","threat_count":0,"original_length":97,"sanitized_length":97,"processing_time_ms":1}
{"timestamp":"2026-01-04T19:16:19.659Z","type":"ANALYSIS","request_id":"req_1767554179658_83yrxf1c8","agent_id":"demo-agent-001","source_type":"interactive","risk_level":"medium","threat_count":1,"original_length":70,"sanitized_length":77,"processing_time_ms":1}
{"timestamp":"2026-01-04T19:19:37.584Z","type":"ANALYSIS","request_id":"req_1767554377584_c1bxrarq1","agent_id":"demo-agent-001","source_type":"interactive","risk_level":"medium","threat_count":1,"original_length":70,"sanitized_length":77,"processing_time_ms":0}
{"timestamp":"2026-01-04T19:19:42.180Z","type":"ANALYSIS","request_id":"req_1767554382179_til6qpfal","agent_id":"demo-agent-001","source_type":"interactive","risk_level":"medium","threat_count":1,"original_length":70,"sanitized_length":77,"processing_time_ms":1}
{"timestamp":"2026-01-04T19:19:43.107Z","type":"ANALYSIS","request_id":"req_1767554383107_lao8u7yzp","agent_id":"demo-agent-001","source_type":"interactive","risk_level":"medium","threat_count":1,"original_length":70,"sanitized_length":77,"processing_time_ms":0}
{"timestamp":"2026-01-04T19:20:17.168Z","type":"ANALYSIS","request_id":"req_1767554417167_7fnr9sfdn","agent_id":"demo-agent-001","source_type":"interactive","risk_level":"medium","threat_count":1,"original_length":97,"sanitized_length":104,"processing_time_ms":1}
{"timestamp":"2026-01-04T19:27:15.046Z","type":"ANALYSIS","request_id":"req_1767554835046_jc8bnn0hd","agent_id":"demo-agent-001","source_type":"test","risk_level":"medium","threat_count":1,"original_length":63,"sanitized_length":85,"processing_time_ms":0}
{"timestamp":"2026-01-04T19:27:16.063Z","type":"ANALYSIS","request_id":"req_1767554836062_nw921estj","agent_id":"demo-agent-001","source_type":"test","risk_level":"critical","threat_count":4,"original_length":100,"sanitized_length":179,"processing_time_ms":1}
{"timestamp":"2026-01-04T19:27:17.080Z","type":"ANALYSIS","request_id":"req_1767554837079_r6pw5be8b","agent_id":"demo-agent-001","source_type":"test","risk_level":"high","threat_count":2,"original_length":122,"sanitized_length":155,"processing_time_ms":1}
{"timestamp":"2026-01-04T19:27:18.109Z","type":"ANALYSIS","request_id":"req_1767554838108_1xroneep7","agent_id":"demo-agent-001","source_type":"test","risk_level":"low","threat_count":1,"original_length":91,"sanitized_length":106,"processing_time_ms":1}
{"timestamp":"2026-01-04T19:27:19.129Z","type":"ANALYSIS","request_id":"req_1767554839128_5zk4weirr","agent_id":"demo-agent-001","source_type":"test","risk_level":"critical","threat_count":4,"original_length":119,"sanitized_length":189,"processing_time_ms":1}
{"timestamp":"2026-01-04T19:27:20.154Z","type":"ANALYSIS","request_id":"req_1767554840154_9pwflx69l","agent_id":"demo-agent-001","source_type":"test","risk_level":"clean","threat_count":0,"original_length":44,"sanitized_length":44,"processing_time_ms":0}
{"timestamp":"2026-01-04T19:27:21.181Z","type":"ANALYSIS","request_id":"req_1767554841181_tm310lcl0","agent_id":"demo-agent-001","source_type":"test","risk_level":"clean","threat_count":0,"original_length":41,"sanitized_length":41,"processing_time_ms":0}
{"timestamp":"2026-01-04T19:27:22.205Z","type":"ANALYSIS","request_id":"req_1767554842205_xifaxxo2c","agent_id":"demo-agent-001","source_type":"test","risk_level":"clean","threat_count":0,"original_length":64,"sanitized_length":64,"processing_time_ms":0}
{"timestamp":"2026-01-05T06:32:44.031Z","type":"ANALYSIS","request_id":"req_1767594764021_57i5t7oui","agent_id":"demo-agent-001","source_type":"test","risk_level":"medium","threat_count":1,"original_length":63,"sanitized_length":85,"processing_time_ms":10}
{"timestamp":"2026-01-05T06:32:45.079Z","type":"ANALYSIS","request_id":"req_1767594765065_vvoc6dvzw","agent_id":"demo-agent-001","source_type":"test","risk_level":"critical","threat_count":4,"original_length":100,"sanitized_length":179,"processing_time_ms":14}
{"timestamp":"2026-01-05T06:32:46.120Z","type":"ANALYSIS","request_id":"req_1767594766119_20yq4k93r","agent_id":"demo-agent-001","source_type":"test","risk_level":"high","threat_count":2,"original_length":122,"sanitized_length":155,"processing_time_ms":1}
{"timestamp":"2026-01-05T06:32:47.158Z","type":"ANALYSIS","request_id":"req_1767594767157_5mj6nievx","agent_id":"demo-agent-001","source_type":"test","risk_level":"low","threat_count":1,"original_length":91,"sanitized_length":106,"processing_time_ms":1}
{"timestamp":"2026-01-05T06:32:48.195Z","type":"ANALYSIS","request_id":"req_1767594768195_one0z05on","agent_id":"demo-agent-001","source_type":"test","risk_level":"critical","threat_count":4,"original_length":119,"sanitized_length":189,"processing_time_ms":1}
{"timestamp":"2026-01-05T06:36:10.236Z","type":"ANALYSIS","request_id":"req_1767594970235_dnk2lqxts","agent_id":"demo-agent-001","source_type":"test","risk_level":"medium","threat_count":1,"original_length":63,"sanitized_length":85,"processing_time_ms":1}
{"timestamp":"2026-01-05T06:36:11.260Z","type":"ANALYSIS","request_id":"req_1767594971260_stnrgxk30","agent_id":"demo-agent-001","source_type":"test","risk_level":"critical","threat_count":4,"original_length":100,"sanitized_length":179,"processing_time_ms":0}
{"timestamp":"2026-01-05T06:36:12.281Z","type":"ANALYSIS","request_id":"req_1767594972281_44hgujpm6","agent_id":"demo-agent-001","source_type":"test","risk_level":"high","threat_count":2,"original_length":122,"sanitized_length":155,"processing_time_ms":0}
{"timestamp":"2026-01-05T06:36:13.311Z","type":"ANALYSIS","request_id":"req_1767594973311_ze6jv09qr","agent_id":"demo-agent-001","source_type":"test","risk_level":"low","threat_count":1,"original_length":91,"sanitized_length":106,"processing_time_ms":0}
{"timestamp":"2026-01-05T06:36:14.334Z","type":"ANALYSIS","request_id":"req_1767594974333_e2rjw8du2","agent_id":"demo-agent-001","source_type":"test","risk_level":"critical","threat_count":4,"original_length":119,"sanitized_length":189,"processing_time_ms":1}
{"timestamp":"2026-01-05T06:36:15.355Z","type":"ANALYSIS","request_id":"req_1767594975355_h9x30yxyg","agent_id":"demo-agent-001","source_type":"test","risk_level":"clean","threat_count":0,"original_length":44,"sanitized_length":44,"processing_time_ms":0}
{"timestamp":"2026-01-05T06:36:16.370Z","type":"ANALYSIS","request_id":"req_1767594976370_sn8lmtjhf","agent_id":"demo-agent-001","source_type":"test","risk_level":"clean","threat_count":0,"original_length":41,"sanitized_length":41,"processing_time_ms":0}
{"timestamp":"2026-01-05T06:36:17.394Z","type":"ANALYSIS","request_id":"req_1767594977394_sb1hq6elp","agent_id":"demo-agent-001","source_type":"test","risk_level":"clean","threat_count":0,"original_length":64,"sanitized_length":64,"processing_time_ms":0}
{"timestamp":"2026-01-05T06:37:44.068Z","type":"ANALYSIS","request_id":"req_1767595064068_32xi23p8g","agent_id":"demo-agent-001","source_type":"interactive","risk_level":"medium","threat_count":1,"original_length":100,"sanitized_length":107,"processing_time_ms":0}
